resolver: lts-9.21

extra-deps: [base-noprelude-4.9.1.0]