resolver: lts-11.22

extra-deps: [base-noprelude-4.10.1.0]

ghc-options:
  "$locals": -fhide-source-paths
