resolver: lts-14.27

extra-deps: [base-noprelude-4.12.0.0]