resolver: lts-12.25

extra-deps: [base-noprelude-4.11.1.0]

ghc-options:
  "$locals": -fhide-source-paths
