resolver: lts-15.0

extra-deps: [base-noprelude-4.13.0.0]